specVersion: "4.0"
metadata:
  name: com.test.apiapp
type: application
resources:
  configuration:
    paths:
      webapp: dist
framework:
  name: SAPUI5
  version: "1.136.0"
  libraries:
    - name: sap.m
    - name: sap.ui.core
    - name: themelib_sap_horizon
