{
	"_version": "1.21.0",

	"sap.app": {
		"id": "com.test.apiapp",
		"type": "application",
		"i18n": "i18n/i18n.properties",
		"title": "{{appTitle}}",
		"description": "{{appDescription}}",
		"applicationVersion": {
			"version": "${version}"
		}
	},

	"sap.ui": {
		"technology": "UI5",
		"icons": {},
		"deviceTypes": {
			"desktop": true,
			"tablet": true,
			"phone": true
		}
	},

	"sap.ui5": {
		"rootView": {
			"viewName": "com.test.apiapp.view.App",
			"type": "XML",
			"id": "app"
		},

		"dependencies": {
			"minUI5Version": "1.136.0",
			"libs": {
				"sap.ui.core": {},
				"sap.m": {}
			}
		},

		"flexEnabled": false,

		"handleValidation": true,

		"contentDensities": {
			"compact": true,
			"cozy": true
		},

		"models": {
			"i18n": {
				"type": "sap.ui.model.resource.ResourceModel",
				"settings": {
					"bundleName": "com.test.apiapp.i18n.i18n",
					"async": true
				}
			}
		},

		"routing": {
			"config": {
				"routerClass": "sap.m.routing.Router",
				"type": "View",
				"viewType": "XML",
				"path": "com.test.apiapp.view",
				"controlId": "app",
				"controlAggregation": "pages"
			},
			"routes": [
				{
					"pattern": "",
					"name": "main",
					"target": "main"
				}
			],
			"targets": {
				"main": {
					"id": "main",
					"name": "Main"
				}
			}
		}
	}
}
